###############################################################################
#
# IAR ELF Linker V8.40.1.212/W32 for ARM                  25/Jul/2020  09:10:23
# Copyright 2007-2019 IAR Systems AB.
#
#    Output file  =
#        E:\Firmware\STM32L432KC-DYN5\FirmwareChamCongConek\FirmwareL052\FirmwareChamCongConek\EWARM\FirmwareChamCongConek\Exe\FirmwareChamCongConek.out
#    Map file     =
#        E:\Firmware\STM32L432KC-DYN5\FirmwareChamCongConek\FirmwareL052\FirmwareChamCongConek\EWARM\FirmwareChamCongConek\List\FirmwareChamCongConek.map
#    Command line =
#        -f C:\Users\ANNGUY~1\AppData\Local\Temp\EWA7DE.tmp
#        (E:\Firmware\STM32L432KC-DYN5\FirmwareChamCongConek\FirmwareL052\FirmwareChamCongConek\EWARM\FirmwareChamCongConek\Obj\bcdencode.o
#        E:\Firmware\STM32L432KC-DYN5\FirmwareChamCongConek\FirmwareL052\FirmwareChamCongConek\EWARM\FirmwareChamCongConek\Obj\Config.o
#        E:\Firmware\STM32L432KC-DYN5\FirmwareChamCongConek\FirmwareL052\FirmwareChamCongConek\EWARM\FirmwareChamCongConek\Obj\debug_uart.o
#        E:\Firmware\STM32L432KC-DYN5\FirmwareChamCongConek\FirmwareL052\FirmwareChamCongConek\EWARM\FirmwareChamCongConek\Obj\Fonts.o
#        E:\Firmware\STM32L432KC-DYN5\FirmwareChamCongConek\FirmwareL052\FirmwareChamCongConek\EWARM\FirmwareChamCongConek\Obj\main.o
#        E:\Firmware\STM32L432KC-DYN5\FirmwareChamCongConek\FirmwareL052\FirmwareChamCongConek\EWARM\FirmwareChamCongConek\Obj\ndef.o
#        E:\Firmware\STM32L432KC-DYN5\FirmwareChamCongConek\FirmwareL052\FirmwareChamCongConek\EWARM\FirmwareChamCongConek\Obj\nfcm1833_module.o
#        E:\Firmware\STM32L432KC-DYN5\FirmwareChamCongConek\FirmwareL052\FirmwareChamCongConek\EWARM\FirmwareChamCongConek\Obj\nfcm1833tiny.o
#        E:\Firmware\STM32L432KC-DYN5\FirmwareChamCongConek\FirmwareL052\FirmwareChamCongConek\EWARM\FirmwareChamCongConek\Obj\nfcm1833tinz.o
#        E:\Firmware\STM32L432KC-DYN5\FirmwareChamCongConek\FirmwareL052\FirmwareChamCongConek\EWARM\FirmwareChamCongConek\Obj\SSD1306.o
#        E:\Firmware\STM32L432KC-DYN5\FirmwareChamCongConek\FirmwareL052\FirmwareChamCongConek\EWARM\FirmwareChamCongConek\Obj\startup_stm32l052xx.o
#        E:\Firmware\STM32L432KC-DYN5\FirmwareChamCongConek\FirmwareL052\FirmwareChamCongConek\EWARM\FirmwareChamCongConek\Obj\stm32l0xx_hal.o
#        E:\Firmware\STM32L432KC-DYN5\FirmwareChamCongConek\FirmwareL052\FirmwareChamCongConek\EWARM\FirmwareChamCongConek\Obj\stm32l0xx_hal_cortex.o
#        E:\Firmware\STM32L432KC-DYN5\FirmwareChamCongConek\FirmwareL052\FirmwareChamCongConek\EWARM\FirmwareChamCongConek\Obj\stm32l0xx_hal_crc.o
#        E:\Firmware\STM32L432KC-DYN5\FirmwareChamCongConek\FirmwareL052\FirmwareChamCongConek\EWARM\FirmwareChamCongConek\Obj\stm32l0xx_hal_crc_ex.o
#        E:\Firmware\STM32L432KC-DYN5\FirmwareChamCongConek\FirmwareL052\FirmwareChamCongConek\EWARM\FirmwareChamCongConek\Obj\stm32l0xx_hal_dma.o
#        E:\Firmware\STM32L432KC-DYN5\FirmwareChamCongConek\FirmwareL052\FirmwareChamCongConek\EWARM\FirmwareChamCongConek\Obj\stm32l0xx_hal_flash.o
#        E:\Firmware\STM32L432KC-DYN5\FirmwareChamCongConek\FirmwareL052\FirmwareChamCongConek\EWARM\FirmwareChamCongConek\Obj\stm32l0xx_hal_flash_ex.o
#        E:\Firmware\STM32L432KC-DYN5\FirmwareChamCongConek\FirmwareL052\FirmwareChamCongConek\EWARM\FirmwareChamCongConek\Obj\stm32l0xx_hal_flash_ramfunc.o
#        E:\Firmware\STM32L432KC-DYN5\FirmwareChamCongConek\FirmwareL052\FirmwareChamCongConek\EWARM\FirmwareChamCongConek\Obj\stm32l0xx_hal_gpio.o
#        E:\Firmware\STM32L432KC-DYN5\FirmwareChamCongConek\FirmwareL052\FirmwareChamCongConek\EWARM\FirmwareChamCongConek\Obj\stm32l0xx_hal_i2c.o
#        E:\Firmware\STM32L432KC-DYN5\FirmwareChamCongConek\FirmwareL052\FirmwareChamCongConek\EWARM\FirmwareChamCongConek\Obj\stm32l0xx_hal_i2c_ex.o
#        E:\Firmware\STM32L432KC-DYN5\FirmwareChamCongConek\FirmwareL052\FirmwareChamCongConek\EWARM\FirmwareChamCongConek\Obj\stm32l0xx_hal_msp.o
#        E:\Firmware\STM32L432KC-DYN5\FirmwareChamCongConek\FirmwareL052\FirmwareChamCongConek\EWARM\FirmwareChamCongConek\Obj\stm32l0xx_hal_pwr.o
#        E:\Firmware\STM32L432KC-DYN5\FirmwareChamCongConek\FirmwareL052\FirmwareChamCongConek\EWARM\FirmwareChamCongConek\Obj\stm32l0xx_hal_pwr_ex.o
#        E:\Firmware\STM32L432KC-DYN5\FirmwareChamCongConek\FirmwareL052\FirmwareChamCongConek\EWARM\FirmwareChamCongConek\Obj\stm32l0xx_hal_rcc.o
#        E:\Firmware\STM32L432KC-DYN5\FirmwareChamCongConek\FirmwareL052\FirmwareChamCongConek\EWARM\FirmwareChamCongConek\Obj\stm32l0xx_hal_rcc_ex.o
#        E:\Firmware\STM32L432KC-DYN5\FirmwareChamCongConek\FirmwareL052\FirmwareChamCongConek\EWARM\FirmwareChamCongConek\Obj\stm32l0xx_hal_rtc.o
#        E:\Firmware\STM32L432KC-DYN5\FirmwareChamCongConek\FirmwareL052\FirmwareChamCongConek\EWARM\FirmwareChamCongConek\Obj\stm32l0xx_hal_rtc_ex.o
#        E:\Firmware\STM32L432KC-DYN5\FirmwareChamCongConek\FirmwareL052\FirmwareChamCongConek\EWARM\FirmwareChamCongConek\Obj\stm32l0xx_hal_spi.o
#        E:\Firmware\STM32L432KC-DYN5\FirmwareChamCongConek\FirmwareL052\FirmwareChamCongConek\EWARM\FirmwareChamCongConek\Obj\stm32l0xx_hal_tim.o
#        E:\Firmware\STM32L432KC-DYN5\FirmwareChamCongConek\FirmwareL052\FirmwareChamCongConek\EWARM\FirmwareChamCongConek\Obj\stm32l0xx_hal_tim_ex.o
#        E:\Firmware\STM32L432KC-DYN5\FirmwareChamCongConek\FirmwareL052\FirmwareChamCongConek\EWARM\FirmwareChamCongConek\Obj\stm32l0xx_hal_uart.o
#        E:\Firmware\STM32L432KC-DYN5\FirmwareChamCongConek\FirmwareL052\FirmwareChamCongConek\EWARM\FirmwareChamCongConek\Obj\stm32l0xx_hal_uart_ex.o
#        E:\Firmware\STM32L432KC-DYN5\FirmwareChamCongConek\FirmwareL052\FirmwareChamCongConek\EWARM\FirmwareChamCongConek\Obj\stm32l0xx_it.o
#        E:\Firmware\STM32L432KC-DYN5\FirmwareChamCongConek\FirmwareL052\FirmwareChamCongConek\EWARM\FirmwareChamCongConek\Obj\system_stm32l0xx.o
#        --redirect _Printf=_PrintfFull --redirect _Scanf=_ScanfFull
#        --no_out_extension -o
#        E:\Firmware\STM32L432KC-DYN5\FirmwareChamCongConek\FirmwareL052\FirmwareChamCongConek\EWARM\FirmwareChamCongConek\Exe\FirmwareChamCongConek.out
#        --map
#        E:\Firmware\STM32L432KC-DYN5\FirmwareChamCongConek\FirmwareL052\FirmwareChamCongConek\EWARM\FirmwareChamCongConek\List\FirmwareChamCongConek.map
#        --config
#        E:\Firmware\STM32L432KC-DYN5\FirmwareChamCongConek\FirmwareL052\FirmwareChamCongConek\EWARM/stm32l052xx_flash.icf
#        --semihosting --entry __iar_program_start --vfe --text_out locale)
#
###############################################################################

*******************************************************************************
*** RUNTIME MODEL ATTRIBUTES
***

CppFlavor       = *
__SystemLibrary = DLib
__dlib_version  = 6


*******************************************************************************
*** HEAP SELECTION
***

The basic heap was selected because no calls to memory allocation
functions were found in the application outside of system library
functions, and there are calls to deallocation functions in the
application.


*******************************************************************************
*** PLACEMENT SUMMARY
***

"A0":  place at address 0x800'0000 { ro section .intvec };
"P1":  place in [from 0x800'0000 to 0x800'ffff] { ro };
define block CSTACK with size = 1K, alignment = 8 { };
define block HEAP with size = 512, alignment = 8 { };
"P2":  place in [from 0x2000'0000 to 0x2000'1fff] {
          rw, block CSTACK, block HEAP };
initialize by copy { rw };

  Section            Kind         Address    Size  Object
  -------            ----         -------    ----  ------
"A0":                                        0xc0
  .intvec            ro code   0x800'0000    0xc0  startup_stm32l052xx.o [1]
                             - 0x800'00c0    0xc0

"P1":                                      0x8559
  .rodata            const     0x800'00c0  0x3840  Fonts.o [1]
  .text              ro code   0x800'3900   0xaf6  main.o [1]
  .text              ro code   0x800'43f6     0x2  startup_stm32l052xx.o [1]
  .text              ro code   0x800'43f8    0x4e  ABImemcpy.o [3]
  .text              ro code   0x800'4446     0x2  startup_stm32l052xx.o [1]
  .text              ro code   0x800'4448    0x2c  stm32l0xx_hal.o [1]
  .text              ro code   0x800'4474    0x20  stm32l0xx_hal.o [1]
  .text              ro code   0x800'4494    0x10  Config.o [1]
  .text              ro code   0x800'44a4   0x440  SSD1306.o [1]
  .text              ro code   0x800'48e4   0x804  stm32l0xx_hal_uart.o [1]
  .text              ro code   0x800'50e8   0x218  stm32l0xx_hal_gpio.o [1]
  .text              ro code   0x800'5300   0x45e  stm32l0xx_hal_rtc.o [1]
  .text              ro code   0x800'575e    0x1a  nfcm1833_module.o [1]
  .text              ro code   0x800'5778   0x218  bcdencode.o [1]
  .text              ro code   0x800'5990     0xe  strlen.o [3]
  .text              ro code   0x800'599e     0x2  startup_stm32l052xx.o [1]
  .text              ro code   0x800'59a0     0xc  stm32l0xx_hal.o [1]
  .text              ro code   0x800'59ac    0x2e  strstr.o [2]
  .text              ro code   0x800'59da     0x2  startup_stm32l052xx.o [1]
  .text              ro code   0x800'59dc    0x4e  ABImemset.o [3]
  .text              ro code   0x800'5a2a     0x2  startup_stm32l052xx.o [1]
  .text              ro code   0x800'5a2c   0x824  stm32l0xx_hal_rcc.o [1]
  .text              ro code   0x800'6250   0x1c8  stm32l0xx_hal_rcc_ex.o [1]
  .text              ro code   0x800'6418   0x1bc  stm32l0xx_hal_crc.o [1]
  .text              ro code   0x800'65d4   0x434  stm32l0xx_hal_i2c.o [1]
  .text              ro code   0x800'6a08    0xcc  stm32l0xx_hal_i2c_ex.o [1]
  .text              ro code   0x800'6ad4   0x3d0  stm32l0xx_hal_spi.o [1]
  .text              ro code   0x800'6ea4    0x34  stm32l0xx_hal.o [1]
  .text              ro code   0x800'6ed8   0x1e8  stm32l0xx_hal_msp.o [1]
  .text              ro code   0x800'70c0    0xe0  I32DivModFast.o [3]
  .text              ro code   0x800'71a0    0x32  I64Mul.o [3]
  .text              ro code   0x800'71d2    0x6a  I64DivMod.o [3]
  .text              ro code   0x800'723c   0x358  nfcm1833tinz.o [1]
  .text              ro code   0x800'7594    0x12  strchr.o [3]
  .text              ro code   0x800'75a6    0x6c  stm32l0xx_hal_crc_ex.o [1]
  .text              ro code   0x800'7612     0x2  startup_stm32l052xx.o [1]
  .text              ro code   0x800'7614    0xe0  stm32l0xx_hal_cortex.o [1]
  .text              ro code   0x800'76f4    0x14  memset.o [3]
  .text              ro code   0x800'7708     0x2  IntDivZer.o [3]
  .text              ro code   0x800'770a     0x2  startup_stm32l052xx.o [1]
  .text              ro code   0x800'770c     0x2  I64DivZer.o [3]
  .text              ro code   0x800'770e     0x2  startup_stm32l052xx.o [1]
  .rodata            const     0x800'7710   0x5f0  Fonts.o [1]
  .rodata            const     0x800'7d00   0x474  Fonts.o [1]
  .rodata            const     0x800'8174   0x100  nfcm1833tinz.o [1]
  .text              ro code   0x800'8274    0x70  system_stm32l0xx.o [1]
  .rodata            const     0x800'82e4    0x64  main.o [1]
  .rodata            const     0x800'8348    0x64  main.o [1]
  .text              ro code   0x800'83ac    0x3c  zero_init3.o [3]
  .text              ro code   0x800'83e8    0x30  copy_init3.o [3]
  .text              ro code   0x800'8418    0x28  data_init.o [3]
  .iar.init_table    const     0x800'8440    0x24  - Linker created -
  .rodata            const     0x800'8464    0x20  main.o [1]
  .rodata            const     0x800'8484    0x20  main.o [1]
  .text              ro code   0x800'84a4    0x1e  cmain.o [3]
  .text              ro code   0x800'84c2     0x4  low_level_init.o [2]
  .text              ro code   0x800'84c6     0x8  exit.o [2]
  .text              ro code   0x800'84ce     0x2  startup_stm32l052xx.o [1]
  .text              ro code   0x800'84d0     0xa  cexit.o [3]
  .text              ro code   0x800'84da     0x2  startup_stm32l052xx.o [1]
  .text              ro code   0x800'84dc    0x14  exit.o [4]
  .rodata            const     0x800'84f0    0x14  main.o [1]
  .text              ro code   0x800'8504    0x12  stm32l0xx_it.o [1]
  .text              ro code   0x800'8516     0x2  startup_stm32l052xx.o [1]
  .text              ro code   0x800'8518    0x10  stm32l0xx_hal.o [1]
  .rodata            const     0x800'8528    0x10  main.o [1]
  .rodata            const     0x800'8538    0x10  main.o [1]
  .rodata            const     0x800'8548    0x10  main.o [1]
  .rodata            const     0x800'8558    0x10  system_stm32l0xx.o [1]
  .text              ro code   0x800'8568    0x10  startup_stm32l052xx.o [1]
  .rodata            const     0x800'8578     0xc  main.o [1]
  .rodata            const     0x800'8584     0xc  main.o [1]
  .rodata            const     0x800'8590     0xc  main.o [1]
  .rodata            const     0x800'859c     0xc  main.o [1]
  .rodata            const     0x800'85a8     0xc  system_stm32l0xx.o [1]
  .text              ro code   0x800'85b4     0xc  cstartup_M.o [3]
  .rodata            const     0x800'85c0     0x8  main.o [1]
  .rodata            const     0x800'85c8     0x8  main.o [1]
  .rodata            const     0x800'85d0     0x8  main.o [1]
  .rodata            const     0x800'85d8     0x8  main.o [1]
  .rodata            const     0x800'85e0     0x8  nfcm1833tinz.o [1]
  .rodata            const     0x800'85e8     0x8  system_stm32l0xx.o [1]
  .rodata            const     0x800'85f0     0x4  nfcm1833tinz.o [1]
  Initializer bytes  const     0x800'85f4     0x4  <for P2-1>
  .text              ro code   0x800'85f8     0x2  startup_stm32l052xx.o [1]
  .text              ro code   0x800'85fa     0x2  startup_stm32l052xx.o [1]
  .text              ro code   0x800'85fc     0x2  startup_stm32l052xx.o [1]
  .text              ro code   0x800'85fe     0x2  startup_stm32l052xx.o [1]
  .text              ro code   0x800'8600     0x2  startup_stm32l052xx.o [1]
  .text              ro code   0x800'8602     0x2  startup_stm32l052xx.o [1]
  .text              ro code   0x800'8604     0x2  startup_stm32l052xx.o [1]
  .text              ro code   0x800'8606     0x2  startup_stm32l052xx.o [1]
  .text              ro code   0x800'8608     0x2  startup_stm32l052xx.o [1]
  .text              ro code   0x800'860a     0x2  startup_stm32l052xx.o [1]
  .text              ro code   0x800'860c     0x2  startup_stm32l052xx.o [1]
  .text              ro code   0x800'860e     0x2  startup_stm32l052xx.o [1]
  .text              ro code   0x800'8610     0x2  startup_stm32l052xx.o [1]
  .text              ro code   0x800'8612     0x2  startup_stm32l052xx.o [1]
  .text              ro code   0x800'8614     0x2  startup_stm32l052xx.o [1]
  .rodata            const     0x800'8616     0x1  nfcm1833tinz.o [1]
  .rodata            const     0x800'8617     0x1  nfcm1833tinz.o [1]
  .rodata            const     0x800'8618     0x1  nfcm1833tinz.o [1]
  .rodata            const     0x800'8619     0x0  zero_init3.o [3]
  .rodata            const     0x800'8619     0x0  copy_init3.o [3]
                             - 0x800'8619  0x8559

"P2", part 1 of 3:                            0x4
  P2-1                        0x2000'0000     0x4  <Init block>
    .data            inited   0x2000'0000     0x4  system_stm32l0xx.o [1]
                            - 0x2000'0004     0x4

"P2", part 2 of 3:                          0xb90
  .bss               zero     0x2000'0004   0x400  SSD1306.o [1]
  .bss               zero     0x2000'0404   0x1f4  main.o [1]
  .bss               zero     0x2000'05f8   0x1f4  main.o [1]
  .bss               zero     0x2000'07ec   0x1f4  main.o [1]
  .bss               zero     0x2000'09e0    0x80  main.o [1]
  .bss               zero     0x2000'0a60    0x58  main.o [1]
  .bss               zero     0x2000'0ab8    0x4c  main.o [1]
  .bss               zero     0x2000'0b04    0x24  main.o [1]
  .bss               zero     0x2000'0b28    0x24  main.o [1]
  .bss               zero     0x2000'0b4c    0x14  main.o [1]
  .bss               zero     0x2000'0b60    0x10  main.o [1]
  .bss               zero     0x2000'0b70    0x10  main.o [1]
  .bss               zero     0x2000'0b80     0x8  main.o [1]
  .bss               zero     0x2000'0b88     0x4  main.o [1]
  .bss               zero     0x2000'0b8c     0x4  stm32l0xx_hal.o [1]
  .bss               zero     0x2000'0b90     0x2  main.o [1]
  .bss               zero     0x2000'0b92     0x1  main.o [1]
                            - 0x2000'0b93   0xb8f

"P2", part 3 of 3:                          0x400
  CSTACK                      0x2000'0b98   0x400  <Block>
    CSTACK           uninit   0x2000'0b98   0x400  <Block tail>
                            - 0x2000'0f98   0x400

Unused ranges:

         From           To    Size
         ----           --    ----
   0x800'8619   0x800'ffff  0x79e7
  0x2000'0b94  0x2000'0b97     0x4
  0x2000'0f98  0x2000'1fff  0x1068


*******************************************************************************
*** INIT TABLE
***

          Address      Size
          -------      ----
Zero (__iar_zero_init3)
    1 destination range, total size 0xb8f:
          0x2000'0004  0xb8f

Copy (__iar_copy_init3)
    1 source range, total size 0x4:
           0x800'85f4    0x4
    1 destination range, total size 0x4:
          0x2000'0000    0x4



*******************************************************************************
*** MODULE SUMMARY
***

    Module                  ro code  ro data  rw data
    ------                  -------  -------  -------
command line/config:
    -------------------------------------------------
    Total:

E:\Firmware\STM32L432KC-DYN5\FirmwareChamCongConek\FirmwareL052\FirmwareChamCongConek\EWARM\FirmwareChamCongConek\Obj: [1]
    Config.o                     16
    Fonts.o                           17'060
    SSD1306.o                 1'088             1'024
    bcdencode.o                 536
    main.o                    2'806      412    1'931
    nfcm1833_module.o            26
    nfcm1833tinz.o              856      271
    startup_stm32l052xx.o       260
    stm32l0xx_hal.o             156                 4
    stm32l0xx_hal_cortex.o      224
    stm32l0xx_hal_crc.o         444
    stm32l0xx_hal_crc_ex.o      108
    stm32l0xx_hal_gpio.o        536
    stm32l0xx_hal_i2c.o       1'076
    stm32l0xx_hal_i2c_ex.o      204
    stm32l0xx_hal_msp.o         488
    stm32l0xx_hal_rcc.o       2'084
    stm32l0xx_hal_rcc_ex.o      456
    stm32l0xx_hal_rtc.o       1'118
    stm32l0xx_hal_spi.o         976
    stm32l0xx_hal_uart.o      2'052
    stm32l0xx_it.o               18
    system_stm32l0xx.o          112       40        4
    -------------------------------------------------
    Total:                   15'640   17'783    2'963

dl6M_tlf.a: [2]
    exit.o                        8
    low_level_init.o              4
    strstr.o                     46
    -------------------------------------------------
    Total:                       58

rt6M_tl.a: [3]
    ABImemcpy.o                  78
    ABImemset.o                  78
    I32DivModFast.o             224
    I64DivMod.o                 106
    I64DivZer.o                   2
    I64Mul.o                     50
    IntDivZer.o                   2
    cexit.o                      10
    cmain.o                      30
    copy_init3.o                 48
    cstartup_M.o                 12
    data_init.o                  40
    memset.o                     20
    strchr.o                     18
    strlen.o                     14
    zero_init3.o                 60
    -------------------------------------------------
    Total:                      792

shb_l.a: [4]
    exit.o                       20
    -------------------------------------------------
    Total:                       20

    Linker created                        36    1'024
-----------------------------------------------------
    Grand Total:             16'510   17'819    3'987


*******************************************************************************
*** ENTRY LIST
***

Entry                       Address    Size  Type      Object
-----                       -------    ----  ----      ------
.iar.init_table$$Base    0x800'8440           --   Gb  - Linker created -
.iar.init_table$$Limit   0x800'8464           --   Gb  - Linker created -
?main                    0x800'84a5          Code  Gb  cmain.o [3]
AHBPrescTable            0x800'8558    0x10  Data  Gb  system_stm32l0xx.o [1]
APBPrescTable            0x800'85e8     0x8  Data  Gb  system_stm32l0xx.o [1]
CRC_Handle_16            0x800'6599    0x3c  Code  Lc  stm32l0xx_hal_crc.o [1]
CRC_Handle_8             0x800'64f9    0xa0  Code  Lc  stm32l0xx_hal_crc.o [1]
CSTACK$$Base            0x2000'0b98           --   Gb  - Linker created -
CSTACK$$Limit           0x2000'0f98           --   Gb  - Linker created -
ConekLogo                0x800'00c0  0x3840  Data  Gb  Fonts.o [1]
DisplaySendText          0x800'3db5    0x4c  Code  Gb  main.o [1]
Error_Handler            0x800'43f5     0x2  Code  Gb  main.o [1]
HAL_CRCEx_Polynomial_Set
                         0x800'75a7    0x6c  Code  Gb  stm32l0xx_hal_crc_ex.o [1]
HAL_CRC_Calculate        0x800'64a5    0x54  Code  Gb  stm32l0xx_hal_crc.o [1]
HAL_CRC_Init             0x800'6419    0x88  Code  Gb  stm32l0xx_hal_crc.o [1]
HAL_CRC_MspInit          0x800'6ef1    0x20  Code  Gb  stm32l0xx_hal_msp.o [1]
HAL_Delay                0x800'4475    0x20  Code  Wk  stm32l0xx_hal.o [1]
HAL_GPIO_Init            0x800'50e9   0x1da  Code  Gb  stm32l0xx_hal_gpio.o [1]
HAL_GPIO_WritePin        0x800'52dd    0x14  Code  Gb  stm32l0xx_hal_gpio.o [1]
HAL_GetTick              0x800'59a1     0xc  Code  Wk  stm32l0xx_hal.o [1]
HAL_I2CEx_ConfigAnalogFilter
                         0x800'6a09    0x64  Code  Gb  stm32l0xx_hal_i2c_ex.o [1]
HAL_I2CEx_ConfigDigitalFilter
                         0x800'6a6d    0x5e  Code  Gb  stm32l0xx_hal_i2c_ex.o [1]
HAL_I2C_Init             0x800'65d5    0xc6  Code  Gb  stm32l0xx_hal_i2c.o [1]
HAL_I2C_Master_Transmit
                         0x800'669b   0x16c  Code  Gb  stm32l0xx_hal_i2c.o [1]
HAL_I2C_MspInit          0x800'6f11    0x54  Code  Gb  stm32l0xx_hal_msp.o [1]
HAL_IncTick              0x800'8519    0x10  Code  Wk  stm32l0xx_hal.o [1]
HAL_Init                 0x800'4449    0x26  Code  Gb  stm32l0xx_hal.o [1]
HAL_InitTick             0x800'6ea5    0x34  Code  Wk  stm32l0xx_hal.o [1]
HAL_MspInit              0x800'6ed9    0x18  Code  Gb  stm32l0xx_hal_msp.o [1]
HAL_NVIC_SetPriority     0x800'76cf     0xa  Code  Gb  stm32l0xx_hal_cortex.o [1]
HAL_RCCEx_PeriphCLKConfig
                         0x800'6251   0x18e  Code  Gb  stm32l0xx_hal_rcc_ex.o [1]
HAL_RCC_ClockConfig      0x800'5fa5   0x1a6  Code  Gb  stm32l0xx_hal_rcc.o [1]
HAL_RCC_GetHCLKFreq      0x800'61e3     0x6  Code  Gb  stm32l0xx_hal_rcc.o [1]
HAL_RCC_GetPCLK1Freq     0x800'61e9    0x18  Code  Gb  stm32l0xx_hal_rcc.o [1]
HAL_RCC_GetPCLK2Freq     0x800'6201    0x18  Code  Gb  stm32l0xx_hal_rcc.o [1]
HAL_RCC_GetSysClockFreq
                         0x800'6161    0x82  Code  Gb  stm32l0xx_hal_rcc.o [1]
HAL_RCC_OscConfig        0x800'5a2d   0x54a  Code  Gb  stm32l0xx_hal_rcc.o [1]
HAL_RTC_GetDate          0x800'5661    0x4a  Code  Gb  stm32l0xx_hal_rtc.o [1]
HAL_RTC_GetTime          0x800'54f5    0x5c  Code  Gb  stm32l0xx_hal_rtc.o [1]
HAL_RTC_Init             0x800'5301    0xe0  Code  Gb  stm32l0xx_hal_rtc.o [1]
HAL_RTC_MspInit          0x800'6f65    0x18  Code  Gb  stm32l0xx_hal_msp.o [1]
HAL_RTC_SetDate          0x800'5555   0x10a  Code  Gb  stm32l0xx_hal_rtc.o [1]
HAL_RTC_SetTime          0x800'53e1   0x114  Code  Gb  stm32l0xx_hal_rtc.o [1]
HAL_RTC_WaitForSynchro   0x800'56b9    0x32  Code  Gb  stm32l0xx_hal_rtc.o [1]
HAL_SPI_Init             0x800'6ad5    0x8e  Code  Gb  stm32l0xx_hal_spi.o [1]
HAL_SPI_MspInit          0x800'6f7d    0x72  Code  Gb  stm32l0xx_hal_msp.o [1]
HAL_SPI_TransmitReceive
                         0x800'6b69   0x242  Code  Gb  stm32l0xx_hal_spi.o [1]
HAL_SYSTICK_Config       0x800'76d9     0x8  Code  Gb  stm32l0xx_hal_cortex.o [1]
HAL_UART_Init            0x800'48e5    0x7a  Code  Gb  stm32l0xx_hal_uart.o [1]
HAL_UART_MspInit         0x800'6fef    0xa0  Code  Gb  stm32l0xx_hal_msp.o [1]
HAL_UART_Receive         0x800'4a57   0x14e  Code  Gb  stm32l0xx_hal_uart.o [1]
HAL_UART_Transmit        0x800'4965    0xf2  Code  Gb  stm32l0xx_hal_uart.o [1]
HardFault_Handler        0x800'8507     0x4  Code  Gb  stm32l0xx_it.o [1]
I2C_Flush_TXDR           0x800'6821    0x28  Code  Lc  stm32l0xx_hal_i2c.o [1]
I2C_IsAcknowledgeFailed
                         0x800'694b    0x8a  Code  Lc  stm32l0xx_hal_i2c.o [1]
I2C_TransferConfig       0x800'69d5    0x2a  Code  Lc  stm32l0xx_hal_i2c.o [1]
I2C_WaitOnFlagUntilTimeout
                         0x800'6849    0x58  Code  Lc  stm32l0xx_hal_i2c.o [1]
I2C_WaitOnSTOPFlagUntilTimeout
                         0x800'68f9    0x52  Code  Lc  stm32l0xx_hal_i2c.o [1]
I2C_WaitOnTXISFlagUntilTimeout
                         0x800'68a1    0x58  Code  Lc  stm32l0xx_hal_i2c.o [1]
IMEI_SIM                0x2000'07ec   0x1f4  Data  Gb  main.o [1]
IMEI_SIM_REAL           0x2000'0b70    0x10  Data  Gb  main.o [1]
KhoiDongSim              0x800'3c45   0x166  Code  Gb  main.o [1]
MX_CRC_Init              0x800'41b5    0x36  Code  Lc  main.o [1]
MX_GPIO_Init             0x800'433d    0x78  Code  Lc  main.o [1]
MX_I2C1_Init             0x800'41eb    0x4e  Code  Lc  main.o [1]
MX_RTC_Init              0x800'4239    0x8e  Code  Lc  main.o [1]
MX_SPI1_Init             0x800'42cd    0x3a  Code  Lc  main.o [1]
MX_USART1_UART_Init      0x800'4307    0x30  Code  Lc  main.o [1]
NMI_Handler              0x800'8505     0x2  Code  Gb  stm32l0xx_it.o [1]
NVIC_SetPriority         0x800'7615    0x8a  Code  Lc  stm32l0xx_hal_cortex.o [1]
OLED_init                0x800'4495     0x8  Code  Gb  Config.o [1]
PLLMulTable              0x800'85a8     0xc  Data  Gb  system_stm32l0xx.o [1]
PendSV_Handler           0x800'850d     0x2  Code  Gb  stm32l0xx_it.o [1]
RTC_Bcd2ToByte           0x800'574b    0x14  Code  Gb  stm32l0xx_hal_rtc.o [1]
RTC_ByteToBcd2           0x800'5731    0x1a  Code  Gb  stm32l0xx_hal_rtc.o [1]
RTC_EnterInitMode        0x800'56ed    0x3c  Code  Gb  stm32l0xx_hal_rtc.o [1]
Region$$Table$$Base      0x800'8440           --   Gb  - Linker created -
Region$$Table$$Limit     0x800'8464           --   Gb  - Linker created -
SPI_EndRxTxTransaction   0x800'6e4d    0x54  Code  Lc  stm32l0xx_hal_spi.o [1]
SPI_WaitFlagStateUntilTimeout
                         0x800'6dab    0xa2  Code  Lc  stm32l0xx_hal_spi.o [1]
SVC_Handler              0x800'850b     0x2  Code  Gb  stm32l0xx_it.o [1]
Sim_Response             0x800'3f49    0xc4  Code  Gb  main.o [1]
Sim_Rxdata              0x2000'0b90     0x2  Data  Gb  main.o [1]
Sim_Rxdata1             0x2000'05f8   0x1f4  Data  Gb  main.o [1]
Sim_response            0x2000'0404   0x1f4  Data  Gb  main.o [1]
Sim_sendCommand          0x800'3e51    0xd8  Code  Gb  main.o [1]
Sim_sendCommand_IMEI     0x800'4015    0x7a  Code  Gb  main.o [1]
SysTick_Config           0x800'769f    0x30  Code  Lc  stm32l0xx_hal_cortex.o [1]
SysTick_Handler          0x800'850f     0x8  Code  Gb  stm32l0xx_it.o [1]
SystemClock_Config       0x800'410b    0xa6  Code  Gb  main.o [1]
SystemCoreClock         0x2000'0000     0x4  Data  Gb  system_stm32l0xx.o [1]
SystemInit               0x800'8275    0x4c  Code  Gb  system_stm32l0xx.o [1]
UART_AdvFeatureConfig    0x800'4f09    0xde  Code  Gb  stm32l0xx_hal_uart.o [1]
UART_CheckIdleState      0x800'4fed    0x60  Code  Gb  stm32l0xx_hal_uart.o [1]
UART_SetConfig           0x800'4ba9   0x350  Code  Gb  stm32l0xx_hal_uart.o [1]
UART_WaitOnFlagUntilTimeout
                         0x800'5055    0x64  Code  Gb  stm32l0xx_hal_uart.o [1]
WakeUp_TinZ              0x800'40a1    0x6a  Code  Lc  main.o [1]
__aeabi_idiv             0x800'70ed          Code  Gb  I32DivModFast.o [3]
__aeabi_idiv0            0x800'7709          Code  Gb  IntDivZer.o [3]
__aeabi_idivmod          0x800'70ed          Code  Gb  I32DivModFast.o [3]
__aeabi_ldiv0            0x800'770d          Code  Gb  I64DivZer.o [3]
__aeabi_lmul             0x800'71a1          Code  Gb  I64Mul.o [3]
__aeabi_memcpy           0x800'442d          Code  Gb  ABImemcpy.o [3]
__aeabi_memcpy4          0x800'43f9          Code  Gb  ABImemcpy.o [3]
__aeabi_memcpy8          0x800'43f9          Code  Gb  ABImemcpy.o [3]
__aeabi_memset           0x800'59dd          Code  Gb  ABImemset.o [3]
__aeabi_uidiv            0x800'70f3          Code  Gb  I32DivModFast.o [3]
__aeabi_uidivmod         0x800'70f3          Code  Gb  I32DivModFast.o [3]
__aeabi_uldivmod         0x800'71d3          Code  Gb  I64DivMod.o [3]
__cmain                  0x800'84a5          Code  Gb  cmain.o [3]
__exit                   0x800'84dd    0x14  Code  Gb  exit.o [4]
__iar_Memcpy             0x800'4439          Code  Gb  ABImemcpy.o [3]
__iar_Memset4_word       0x800'59fd          Code  Gb  ABImemset.o [3]
__iar_Memset_word        0x800'59e9          Code  Gb  ABImemset.o [3]
__iar_Strchr             0x800'7595          Code  Gb  strchr.o [3]
__iar_copy_init3         0x800'83e9    0x30  Code  Gb  copy_init3.o [3]
__iar_data_init3         0x800'8419    0x28  Code  Gb  data_init.o [3]
__iar_program_start      0x800'85b5          Code  Gb  cstartup_M.o [3]
__iar_zero_init3         0x800'83ad    0x3c  Code  Gb  zero_init3.o [3]
__low_level_init         0x800'84c3     0x4  Code  Gb  low_level_init.o [2]
__vector_table           0x800'0000          Data  Gb  startup_stm32l052xx.o [1]
_call_main               0x800'84b1          Code  Gb  cmain.o [3]
_exit                    0x800'84d1          Code  Gb  cexit.o [3]
_main                    0x800'84bf          Code  Gb  cmain.o [3]
c_chFont1206             0x800'7d00   0x474  Data  Gb  Fonts.o [1]
c_chFont1608             0x800'7710   0x5f0  Data  Gb  Fonts.o [1]
crcx25                   0x800'7557    0x18  Code  Lc  nfcm1833tinz.o [1]
deleteBuffer             0x800'3e35    0x1c  Code  Gb  main.o [1]
display                  0x800'3e09    0x1c  Code  Gb  main.o [1]
driver_init              0x800'449d     0x8  Code  Lc  Config.o [1]
encode4byte              0x800'5779    0xdc  Code  Gb  bcdencode.o [1]
encode8byte_little_edian
                         0x800'5855   0x12c  Code  Gb  bcdencode.o [1]
exit                     0x800'84c7     0x8  Code  Gb  exit.o [2]
getDeviceID              0x800'5771     0x8  Code  Gb  nfcm1833_module.o [1]
getDeviceID_spi          0x800'7521    0x36  Code  Gb  nfcm1833tinz.o [1]
hcrc                    0x2000'0b04    0x24  Data  Gb  main.o [1]
hi2c1                   0x2000'0ab8    0x4c  Data  Gb  main.o [1]
hrtc                    0x2000'0b28    0x24  Data  Gb  main.o [1]
huart1                  0x2000'09e0    0x80  Data  Gb  main.o [1]
idTag                   0x2000'0b80     0x8  Data  Gb  main.o [1]
idTagBCD                0x2000'0b60    0x10  Data  Gb  main.o [1]
main                     0x800'3901   0x2f2  Code  Gb  main.o [1]
memset                   0x800'76f5    0x14  Code  Gb  memset.o [3]
permissReadTag          0x2000'0b92     0x1  Data  Gb  main.o [1]
ping_module              0x800'5769     0x8  Code  Gb  nfcm1833_module.o [1]
ping_module_spi          0x800'73c9    0x4c  Code  Gb  nfcm1833tinz.o [1]
sDates                  0x2000'0b88     0x4  Data  Gb  main.o [1]
sTimes                  0x2000'0b4c    0x14  Data  Gb  main.o [1]
s_chDispalyBuffer       0x2000'0004   0x400  Data  Lc  SSD1306.o [1]
select_tag_type          0x800'575f     0xa  Code  Gb  nfcm1833_module.o [1]
select_tag_type_spi      0x800'7465    0x12  Code  Gb  nfcm1833tinz.o [1]
select_tag_type_spi_tag_type_5
                         0x800'7415    0x50  Code  Lc  nfcm1833tinz.o [1]
sendrecv_spi             0x800'7477    0xaa  Code  Gb  nfcm1833tinz.o [1]
spi_polling_data_cr95hf
                         0x800'72b7    0x80  Code  Lc  nfcm1833tinz.o [1]
spi_recv_data_from_cr95hf
                         0x800'7337    0x92  Code  Lc  nfcm1833tinz.o [1]
spi_send_data_to_cr95hf
                         0x800'723d    0x7a  Code  Lc  nfcm1833tinz.o [1]
spi_to_nfcm1833tinz     0x2000'0a60    0x58  Data  Gb  main.o [1]
ssd1306_clear_screen     0x800'4527    0x56  Code  Gb  SSD1306.o [1]
ssd1306_display_char     0x800'4607    0xe2  Code  Gb  SSD1306.o [1]
ssd1306_display_string   0x800'46f5    0x78  Code  Gb  SSD1306.o [1]
ssd1306_draw_bitmap      0x800'4775    0x86  Code  Gb  SSD1306.o [1]
ssd1306_draw_point       0x800'457d    0x8a  Code  Gb  SSD1306.o [1]
ssd1306_init             0x800'47fb    0xea  Code  Gb  SSD1306.o [1]
ssd1306_refresh_gram     0x800'44d1    0x56  Code  Gb  SSD1306.o [1]
ssd1306_write_byte       0x800'44a5    0x2c  Code  Lc  SSD1306.o [1]
strchr                   0x800'7595          Code  Gb  strchr.o [3]
strlen                   0x800'5991          Code  Gb  strlen.o [3]
strstr                   0x800'59ad    0x2e  Code  Gb  strstr.o [2]
uwTick                  0x2000'0b8c     0x4  Data  Gb  stm32l0xx_hal.o [1]


[1] = E:\Firmware\STM32L432KC-DYN5\FirmwareChamCongConek\FirmwareL052\FirmwareChamCongConek\EWARM\FirmwareChamCongConek\Obj
[2] = dl6M_tlf.a
[3] = rt6M_tl.a
[4] = shb_l.a

  16'510 bytes of readonly  code memory
  17'819 bytes of readonly  data memory
   3'987 bytes of readwrite data memory

Errors: none
Warnings: none
